// Jest Snapshot v1, https://goo.gl/fbAQLP

exports[`Section snapshot renders should render correctly in mode 1`] = `""`;
