// Jest Snapshot v1, https://goo.gl/fbAQLP

exports[`Navigation snapshot renders should render correctly mode 1`] = `
<Menu
  items={
    Array [
      Object {
        "active": true,
        "key": "home",
        "name": "share v1",
      },
    ]
  }
  widths={1}
/>
`;
